
> qr@0.1.0 build
> next build

Ôľ▓ Next.js 16.2.1 (Turbopack)
- Environments: .env

  Creating an optimized production build ...
Ôťô Compiled successfully in 3.6s
  Running TypeScript ...
  Finished TypeScript in 3.8s ...
  Collecting page data using 21 workers ...
  Generating static pages using 21 workers (0/28) ...
  Generating static pages using 21 workers (7/28) 
  Generating static pages using 21 workers (14/28) 
  Generating static pages using 21 workers (21/28) 
Ôťô Generating static pages using 21 workers (28/28) in 2.6s
  Finalizing page optimization ...

Route (app)
Ôöî Ăĺ /
Ôöť ÔŚő /_not-found
Ôöť Ăĺ /admin
Ôöť ÔŚő /admin/buildings
Ôöť ÔŚő /admin/economy
Ôöť Ăĺ /admin/locations/[slug]/edit
Ôöť ÔŚő /admin/locations/new
Ôöť ÔŚő /admin/login
Ôöť Ăĺ /admin/players
Ôöť Ăĺ /admin/qr
Ôöť ÔŚő /admin/settings
Ôöť Ăĺ /admin/teams
Ôöť Ăĺ /api/admin/buildings
Ôöť Ăĺ /api/admin/buildings/[id]
Ôöť Ăĺ /api/admin/economy
Ôöť Ăĺ /api/admin/locations
Ôöť Ăĺ /api/admin/locations/[slug]
Ôöť Ăĺ /api/admin/locations/[slug]/buildings
Ôöť Ăĺ /api/admin/login
Ôöť Ăĺ /api/admin/logout
Ôöť Ăĺ /api/admin/password
Ôöť Ăĺ /api/admin/teams
Ôöť Ăĺ /api/admin/teams/[id]
Ôöť Ăĺ /api/admin/users/[id]
Ôöť Ăĺ /api/admin/users/[id]/approve
Ôöť Ăĺ /api/admin/users/[id]/delete
Ôöť Ăĺ /api/admin/users/[id]/reject
Ôöť Ăĺ /api/auth/avatar
Ôöť Ăĺ /api/auth/login
Ôöť Ăĺ /api/auth/logout
Ôöť Ăĺ /api/auth/me
Ôöť Ăĺ /api/auth/register
Ôöť Ăĺ /api/claims
Ôöť Ăĺ /api/cron/economy
Ôöť Ăĺ /api/daily-reward
Ôöť Ăĺ /api/locations
Ôöť Ăĺ /api/locations/[slug]/buildings
Ôöť Ăĺ /api/locations/[slug]/economy
Ôöť Ăĺ /api/locations/[slug]/encourage
Ôöť Ăĺ /api/locations/[slug]/greet
Ôöť Ăĺ /api/offers
Ôöť Ăĺ /api/offers/[id]/accept
Ôöť Ăĺ /api/offers/[id]/reject
Ôöť Ăĺ /api/sprites/[name]
Ôöť Ăĺ /api/users/[id]/avatar
Ôöť ÔŚő /auth/login
Ôöť Ăĺ /auth/register
Ôöť Ăĺ /jak-na-to
Ôöť Ăĺ /l/[slug]
Ôöť Ăĺ /me
Ôöö Ăĺ /qr/[slug]


Ăĺ Proxy (Middleware)

ÔŚő  (Static)   prerendered as static content
Ăĺ  (Dynamic)  server-rendered on demand

